// Jest Snapshot v1, https://goo.gl/fbAQLP

exports[`PageProposal Modal onVote shows the last valid vote 1`] = `
<tmpage-stub loaderpath="" emptytitle="No data" emptysubtitle="" data-title="Proposal" proposalid="33">
  <div class="proposal">
    <proposalheader-stub proposal="[object Object]" status="[object Object]"></proposalheader-stub>
    <proposalstatusbar-stub status="[object Object]" statusbegintime="2019-08-25T08:46:16.394157593Z" proposal="[object Object]" total-votes="0"></proposalstatusbar-stub>
    <!---->
    <timeline-stub timeline="[object Object]"></timeline-stub>
    <proposaldescription-stub proposal="[object Object]" supportinglinks=""></proposaldescription-stub>
    <!---->
    <modalvote-stub proposalid="19" proposaltitle="test" number-of-seconds="0" lastvoteoption="Yes"></modalvote-stub>
  </div>
</tmpage-stub>
`;

exports[`PageProposal should show a loader if the necessary data hasen't been loaded 1`] = `
<tmpage-stub
  data-title="Proposal"
  emptysubtitle=""
  emptytitle="No data"
  loaderpath=""
  loading="true"
  proposalid="33"
>
  <div
    class="proposal"
  >
    <proposalheader-stub
      proposal="[object Object]"
      status="[object Object]"
    />
     
    <proposalstatusbar-stub
      proposal="[object Object]"
      status="[object Object]"
      statusbegintime="2019-08-25T08:46:16.394157593Z"
      total-votes="0"
    />
     
    <!---->
     
    <timeline-stub
      timeline="[object Object]"
    />
     
    <proposaldescription-stub
      proposal="[object Object]"
      supportinglinks=""
    />
     
    <!---->
     
    <modalvote-stub
      number-of-seconds="0"
      proposalid="19"
      proposaltitle="test"
    />
  </div>
</tmpage-stub>
`;

exports[`PageProposal shows an error if the proposal couldn't be found 1`] = `
<tmpage-stub
  data-title="Proposal"
  emptysubtitle=""
  emptytitle="No data"
  loaderpath=""
  proposalid="666"
>
  <tmdatanotfound-stub />
</tmpage-stub>
`;
