// Jest Snapshot v1, https://goo.gl/fbAQLP

exports[`Transaction Manager Create sign broadcast should send broadcast request 1`] = `
Array [
  "http://localhost:4000/transaction/broadcast",
  Object {
    "body": "{\\"payload\\":{\\"messageType\\":\\"SendTx\\",\\"message\\":{\\"amount\\":{\\"amount\\":2,\\"denom\\":\\"ATOM\\"},\\"to\\":[\\"cosmos12345\\"]},\\"networkId\\":\\"cosmos-hub-testnet\\",\\"senderAddress\\":\\"cosmos12345\\",\\"signedMessage\\":{\\"msg\\":[{\\"type\\":\\"cosmos-sdk/MsgSend\\",\\"value\\":{\\"from_address\\":\\"cosmos12345\\",\\"to_address\\":\\"cosmos12345\\",\\"amount\\":[{\\"amount\\":\\"0.000002\\",\\"denom\\":\\"uatom\\"}]}}],\\"fee\\":{\\"amount\\":[{\\"amount\\":\\"10\\",\\"denom\\":\\"uatom\\"}],\\"gas\\":\\"200000\\"},\\"signatures\\":[{\\"signature\\":\\"q80=\\",\\"pub_key\\":{\\"type\\":\\"tendermint/PubKeySecp256k1\\",\\"value\\":\\"c3VwZXJwdWJrZXk=\\"}}],\\"memo\\":\\"\\"},\\"transaction\\":{\\"msg\\":[{\\"type\\":\\"cosmos-sdk/MsgSend\\",\\"value\\":{\\"from_address\\":\\"cosmos12345\\",\\"to_address\\":\\"cosmos12345\\",\\"amount\\":[{\\"amount\\":\\"0.000002\\",\\"denom\\":\\"uatom\\"}]}}],\\"fee\\":{\\"amount\\":[{\\"amount\\":\\"10\\",\\"denom\\":\\"uatom\\"}],\\"gas\\":\\"200000\\"},\\"signatures\\":[{\\"signature\\":\\"q80=\\",\\"pub_key\\":{\\"type\\":\\"tendermint/PubKeySecp256k1\\",\\"value\\":\\"c3VwZXJwdWJrZXk=\\"}}],\\"memo\\":\\"\\"}}}",
    "headers": Object {
      "Content-Type": "application/json",
      "development": undefined,
      "fingerprint": "iamafingerprint",
    },
    "method": "POST",
  },
]
`;
