// Jest Snapshot v1, https://goo.gl/fbAQLP

exports[`PanelSort has the expected html structure 1`] = `
<tr
  class="panel-sort-container"
>
  <th>
    #
  </th>
   
  <th
    class="panel-sort-table-header sort-by hide-xs"
  >
    <a
      class="sort-by-link"
    >
      
      ID
      
      <i
        class="material-icons notranslate"
      >
        arrow_drop_up
      </i>
    </a>
  </th>
  <th
    class="panel-sort-table-header sort-by"
  >
    <a
      class="sort-by-link"
    >
      
      AMOUNT
      
      <i
        class="material-icons notranslate"
      >
        arrow_drop_up
      </i>
    </a>
  </th>
</tr>
`;
