// Jest Snapshot v1, https://goo.gl/fbAQLP

exports[`Address Component should show a short address 1`] = `
<div
  class="copyable-address"
>
  <div
    class="address"
  >
    <div
      class="address-section"
    >
      <!---->
       
      <span>
        cosmosâ€¦4v9e
      </span>
    </div>
     
    <div
      class="icon-container"
    >
      <i
        class="material-icons notranslate success"
      >
        check
      </i>
    </div>
     
    <i
      class="material-icons notranslate copy"
    >
      content_copy
    </i>
  </div>
</div>
`;
