// Jest Snapshot v1, https://goo.gl/fbAQLP

exports[`InsecureModeWarning has the expected html structure 1`] = `
<div>
  <p>
    There are a number of ways to create an address with Lunie.
  </p>
   
  <p>
    
    We'd recommend starting with our guide:
    
    <a
      href="#"
    >
      how to manage yourÂ keys
    </a>
    .
  
  </p>
   
  <p>
    If you're ready to get started, here are your options:
  </p>
   
  <ul>
    <li>
      <router-link-stub
        to="ledger"
      >
        Ledger Nano
      </router-link-stub>
    </li>
     
    <li>
      <a
        href="http://bit.ly/lunie-ext"
        rel="noopener norefferer"
        target="_blank"
      >
        
        Lunie browser extension
      </a>
    </li>
     
    <li>
      <a
        href="http://bit.ly/lunie-ios"
        rel="noopener norefferer"
        target="_blank"
      >
        Lunie iOS
      </a>
    </li>
     
    <li>
      <a
        href="http://bit.ly/lunie-android"
        rel="noopener norefferer"
        target="_blank"
      >
        Lunie Android
      </a>
    </li>
  </ul>
   
  <!---->
</div>
`;
