// Jest Snapshot v1, https://goo.gl/fbAQLP

exports[`Page404 should show the 404 page 1`] = `
<tmpage-stub
  class="four-oh-four"
  data-title="404"
  emptysubtitle=""
  emptytitle="No data"
  loaderpath=""
>
  <tmpart-stub
    class="four-oh-four-top"
  >
    <h2>
      Oops! We can't find the page you're looking for.
    </h2>
     
    <h3>
      Error code: 404
    </h3>
  </tmpart-stub>
   
  <tmpart-stub>
    <p>
      Here are some helpful links to get you out of here:
    </p>
     
    <ul>
      <li>
        <router-link-stub
          to="[object Object]"
        >
          
          Portfolio
        
        </router-link-stub>
      </li>
       
      <li>
        <router-link-stub
          to="[object Object]"
        >
          
          Validators
        
        </router-link-stub>
      </li>
       
      <li>
        <router-link-stub
          to="[object Object]"
        >
          
          Transactions
        
        </router-link-stub>
      </li>
       
      <li>
        <router-link-stub
          to="[object Object]"
        >
          
          Proposals
        
        </router-link-stub>
      </li>
    </ul>
  </tmpart-stub>
</tmpage-stub>
`;
