// Jest Snapshot v1, https://goo.gl/fbAQLP

exports[`TextBlock has the expected html structure 1`] = `
<p
  author="faboweb"
  class="text-block"
>
  
  Hello World

</p>
`;
