// Jest Snapshot v1, https://goo.gl/fbAQLP

exports[`TmBtn allows for customization 1`] = `
<button
  class="button"
>
  
    button
  
</button>
`;

exports[`TmBtn displays as a link 1`] = `
<button
  class="button"
>
  
    button
  
</button>
`;

exports[`TmBtn displays as an external link 1`] = `
<button
  class="button"
>
  
    button
  
</button>
`;

exports[`TmBtn displays as an icon 1`] = `
<button
  class="button"
>
  
    button
  
</button>
`;

exports[`TmBtn displays as an img as an icon 1`] = `
<button
  class="button"
>
  
    button
  
</button>
`;

exports[`TmBtn has the expected html structure 1`] = `
<button
  class="button"
>
  
    button
  
</button>
`;
