// Jest Snapshot v1, https://goo.gl/fbAQLP

exports[`TmDataMsg has the expected html structure 1`] = `
<div
  class="tm-data-msg"
>
  <div
    class="tm-data-msg__icon"
  >
    <i
      class="material-icons notranslate"
    >
      help
    </i>
  </div>
   
  <div
    class="tm-data-msg__text"
  >
    <h2
      class="tm-data-msg__title"
    >
      
        sOmEtHiNg Is HaPpEnIng!!!
      
    </h2>
     
    <h3
      class="tm-data-msg__subtitle"
    >
      
        Oh my! What could it be?
      
    </h3>
  </div>
</div>
`;
