// Jest Snapshot v1, https://goo.gl/fbAQLP

exports[`TmFormStruct has the expected html structure 1`] = `
<form
  class="form"
>
   
  <header
    class="form-header"
  >
    <div
      class="form-title"
    >
      <div
        class="fake-title"
      >
        Fake Title
      </div>
    </div>
     
    <div
      class="form-subtitle"
    >
      <div
        class="fake-subtitle"
      >
        Fake Subtitle
      </div>
    </div>
  </header>
   
  <main
    class="form-main"
  >
    <div
      class="fake-fields"
    />
  </main>
   
  <footer
    class="form-footer"
  >
    <div
      class="fake-footer"
    >
      Fake Footer
    </div>
  </footer>
</form>
`;
